<!DOCTYPE html>
<html lang="en"><head>
  <meta charset="utf-8">
  <meta http-equiv="X-UA-Compatible" content="IE=edge">
  <meta name="viewport" content="width=device-width, initial-scale=1"><!-- Begin Jekyll SEO tag v2.5.0 -->
<title>ICFP Programming Contest 2019</title>
<meta name="generator" content="Jekyll v3.8.5" />
<meta property="og:title" content="ICFP Programming Contest 2019" />
<meta property="og:locale" content="en_US" />
<link rel="canonical" href="index.html" />
<meta property="og:url" content="/" />
<meta property="og:site_name" content="ICFP Programming Contest 2019" />
<script type="application/ld+json">
{"@type":"WebSite","headline":"ICFP Programming Contest 2019","url":"/","name":"ICFP Programming Contest 2019","@context":"http://schema.org"}</script>
<!-- End Jekyll SEO tag -->
<link rel="stylesheet" href="assets/main.css"><link type="application/atom+xml" rel="alternate" href="https://icfpcontest2019.github.io/feed.xml" title="ICFP Programming Contest 2019" /></head>
<body><header class="site-header">

  <div class="wrapper">
    
    <!----><a class="site-title" rel="author" href="index.html">ICFP Programming Contest 2019</a><nav class="site-nav">
        <input type="checkbox" id="nav-trigger" class="nav-trigger" />
        <label for="nav-trigger">
          <span class="menu-icon">
            <svg viewBox="0 0 18 15" width="18px" height="15px">
              <path d="M18,1.484c0,0.82-0.665,1.484-1.484,1.484H1.484C0.665,2.969,0,2.304,0,1.484l0,0C0,0.665,0.665,0,1.484,0 h15.032C17.335,0,18,0.665,18,1.484L18,1.484z M18,7.516C18,8.335,17.335,9,16.516,9H1.484C0.665,9,0,8.335,0,7.516l0,0 c0-0.82,0.665-1.484,1.484-1.484h15.032C17.335,6.031,18,6.696,18,7.516L18,7.516z M18,13.516C18,14.335,17.335,15,16.516,15H1.484 C0.665,15,0,14.335,0,13.516l0,0c0-0.82,0.665-1.483,1.484-1.483h15.032C17.335,12.031,18,12.695,18,13.516L18,13.516z"/>
            </svg>
          </span>
        </label>

        <div class="trigger"><a class="page-link" href="index.html"></a><a class="page-link" href="specification/index.html">Specification</a><a class="page-link" href="FAQ/index.html">FAQs</a><a class="page-link" href="rules/index.html">Rules</a><a class="page-link" href="register/index.html">Register</a><a class="page-link" href="profile/index.html">Profile</a><a class="page-link" href="submit/index.html">Submit</a><a class="page-link" href="rankings/index.html">Rankings</a><a class="page-link" href="hodl/index.html">HODLers</a><a class="page-link" href="solution_checker/index.html">Checker</a><a class="page-link" href="solution_visualiser/index.html">Visualiser</a><a class="page-link" href="puzzle_checker/index.html">Puzzle</a></div>
      </nav></div>
</header>
<div class="full-wrapper">        
      <main class="page-content" aria-label="Content">
        <div class="wrapper">
          <style>
.wrapper {
  max-width: -webkit-calc(1100px - (30px * 2));
  max-width: calc(1100px - (30px * 2));
  margin-right: auto;
  margin-left: auto;
  padding-right: 30px;
  padding-left: 30px; }
  @media screen and (max-width: 1100px) {
    .wrapper {
      max-width: -webkit-calc(1100px - (30px));
      max-width: calc(1100px - (30px));
      padding-right: 15px;
      padding-left: 15px; }
}

 .postfeed
{ float: left;
  margin: 0px 0px 0px 0px;
  max-width: -webkit-calc(800px - (30px * 2));
  max-width: calc(800px - (30px * 2));
  margin-right: auto;
  margin-left: auto;
  padding-right: 30px;
  padding-left: 30px;
}
</style>

<style>
.sidebar
{ float: right;
  margin: 10px 0px 10px 0px;
  font-size: 14px;
  width: 212px;
  padding: 0;}

.twitter-timeline {
  font-size: 14px;
}

.sidebar p
{ color: #1d1d1d;}
</style>

<div class="sidebar">
<script async="" src="https://platform.twitter.com/widgets.js" charset="utf-8"></script>
<a href="https://twitter.com/intent/tweet?button_hashtag=icfpcontest2019&amp;ref_src=twsrc%5Etfw" class="twitter-hashtag-button" data-show-count="false">Tweet #icfpcontest2019</a>
<a class="twitter-timeline" data-height="400" href="https://twitter.com/icfpcontest2019?ref_src=twsrc%5Etfw"></a>

<h3>Resources</h3>

<ul>

<li><a target="_blank" href="https://icfpc-meeting-point.github.io/">Meeting Point</a></li>

  <li><a target="_blank" href="https://hosting.acm.org/mailman/listinfo/programming-contest_icfpconference.org">Mailing List</a></li>

  <li>IRC: #icfp-contest on <a target="_blank" href="https://webchat.freenode.net/">irc.freenode.net</a></li>
</ul>

<h3>Sponsors</h3>
<center>
  <a target="_blank" href="https://zilliqa.com"><img src="static/zilliqa.png" width="130" height="130" title="Zilliqa Research" alt="Zilliqa Research" /></a>
</center>
</div>

<div class="postfeed">
<article>
<h2><a href="post/hard-fork/index.html">Hard Fork in Lambda-chain</a></h2>
<p class="meta">22 June 2019</p>
<p>Due to the slow adoption of Lambda-chain for the worker-wrapper challenge, we have taken a decision to make a “hard fork” and delay the official launch of the main-net until <a href="https://www.timeanddate.com/worldclock/fixedtime.html?msg=Lambda+Chain+Second+Mining&amp;iso=20190623T00&amp;p1=1440">June 23 2019, 00:00 UTC</a>. At that moment, the lambda-coin mining will continue in the main-net mode starting from Block 3, following the rules of the <a href="download/lambdachain-v2.pdf">specification</a>.</p>

<p>Unfortunately, the already mined lambda-coins will not be interchangeable with those minted on the new main-net. We apologise to the brave early adopters, and list their team names here as a token of our appreciation:</p>

<ul>
  <li>Unagi</li>
  <li>All your lambda are belong to us</li>
  <li>Sound! TypeSystem</li>
  <li>1kg cheese</li>
</ul>

</article>
</div>

<div class="postfeed">
<article>
<h2><a href="post/22-clones-updated/index.html">Cloning Specification Updated</a></h2>
<p class="meta">22 June 2019</p>
<p>We have received several questions about synchronous collection and use of boosters by parallel worker-wrapper replicas.
An <a href="download/clones-v2.pdf">updated specification</a> specification is now uploaded. Please, check the new Appendix A for clarifications.</p>

</article>
</div>

<div class="postfeed">
<article>
<h2><a href="post/lambdacoin/index.html">Lambda-coin and Lambda-chain</a></h2>
<p class="meta">22 June 2019</p>
<p>Wouldn’t it be nice to get some additional boosters and make your
worker-wrappers even more efficient? Now you can do it! The instructions are <a href="download/lambdachain-v2.pdf">here</a>.</p>

<ul>
  <li><a href="download/lambda-client.zip">Lambda-chain client</a></li>
  <li><a href="puzzle_checker/index.html">Puzzle cheker</a></li>
  <li><a href="download/chain-puzzle-examples.zip">Example puzzle solution</a></li>
  <li><a href="download/purchasing-examples.zip">Example booster purchase</a></li>
</ul>

<p><a href="solution_checker/index.html">Solution checker</a> and
<a href="solution_visualiser/index.html">visualiser</a> have been
updated to take additional boosters.</p>

</article>
</div>

<div class="postfeed">
<article>
<h2><a href="post/clones/index.html">Cloning and Parallel Wrapping</a></h2>
<p class="meta">22 June 2019</p>
<p>The sizes of the maps need wrapping grow larger, and our worker-wrapper could use some help. This is made possible in a new pack of maps featuring a new kind of booster and revealing the purpose of the mysterious points from the previous tasks. The additional specification is <a href="download/clones-v2.pdf">here</a>.</p>

<ul>
  <li><a href="download/part-3-clones.zip">More problems</a></li>
  <li><a href="download/part-3-clones-examples.zip">Example</a></li>
</ul>

</article>
</div>

<div class="postfeed">
<article>
<h2><a href="post/teleports/index.html">Taking Control with Teleports</a></h2>
<p class="meta">21 June 2019</p>
<p>We’ve got a new pack of problems for your worker-wrappers! These new maps feature a new kind of booster — <em>teleports</em>. The teleport specification is available <a href="download/teleports-v1.pdf">here</a>.</p>

<ul>
  <li><a href="download/part-2-teleports.zip">More problems</a></li>
  <li><a href="download/part-2-teleports-examples.zip">Example</a></li>
</ul>

</article>
</div>

<div class="postfeed">
<article>
<h2><a href="post/start/index.html">The Contest Begins</a></h2>
<p class="meta">21 June 2019</p>
<p>The task description is now available <a href="download/specification-v1.pdf">here</a>. Quick links:</p>

<ul>
  <li><a href="download/part-1-initial.zip">Problems</a></li>
  <li><a href="download/part-1-examples.zip">Example problem and solution</a></li>
  <li><a href="solution_checker/index.html">Solution Checker</a></li>
  <li><a href="solution_visualiser/index.html">Visualiser</a></li>
</ul>

<p>Good luck!</p>

</article>
</div>

<div class="postfeed">
<article>
<h2><a href="post/welcome/index.html">Contest Announcement</a></h2>
<p class="meta">15 May 2019</p>
<p>The ICFP Programming Contest 2019 is the 22nd instance of the annual programming
contest series sponsored by the <a href="https://www.icfpconference.org">ACM SIGPLAN International Conference on
Functional Programming</a>.</p>

<p>The contest will start at
<a href="https://www.timeanddate.com/worldclock/fixedtime.html?msg=ICFP+Programming+Contest+2019&amp;iso=20190621T10&amp;p1=1440">Friday 21 June 2019 10:00am UTC</a>.
The 24hr lightning division will end at
<a href="https://www.timeanddate.com/worldclock/fixedtime.html?msg=ICFP+Programming+Contest+2019+%28end+of+lightning+division%29&amp;iso=20190622T10&amp;p1=1440">Saturday 22 June 2019 10:00am UTC</a>
and the 72hr full contest will end at
<a href="https://www.timeanddate.com/worldclock/fixedtime.html?msg=ICFP+Programming+Contest+2019+%28end+of+full+contest%29&amp;iso=20190624T10&amp;p1=1440">Monday 24 June 2019 10:00am UTC</a>.</p>

<p>The task description will be published on this website when the
contest starts. Details of the submission procedure will be announced
along with the contest task.</p>

<p>This is an open contest. Anyone may participate except for the contest
organisers and members of their research groups. No advance
registration or entry fee is required. Contestants are free to
organise themselves into teams of any size.</p>

<p>Any programming language(s) on any platform(s) may be used.</p>

<p>There will be cash prizes for the first and second place teams, the
team winning the lightning division, and a discretionary judges’
prize. The winners will be announced during
<a href="https://icfp19.sigplan.org">ICFP 2019</a>, which will take place in
Berlin, Germany; Sunday 18 - Friday 23 August 2019).</p>

<p>In addition, the organisers will declare during the conference that:</p>

<ul>
  <li>the first place team’s language is “the programming language of
choice for discriminating hackers”,</li>
  <li>the second place team’s language is “a fine tool for many
applications”,</li>
  <li>the winning lightning division team’s language is “very suitable for
rapid prototyping”, and</li>
  <li>the team winning the judges’ prize is “an extremely cool bunch of hackers”.</li>
</ul>


</article>
</div>

<div class="postfeed">
<h2>Organisers</h2>

<p> ICFP Programming Contest 2019 is brought to you by <a href="https://www.yale-nus.edu.sg">Yale-NUS College</a> and <a href="https://www.comp.nus.edu.sg">National University of
Singapore</a>. It is organised by <a href="https://ilyasergey.net">Ilya Sergey</a> and <a href="http://pirlea.net">George Pîrlea</a>.</p>

<p>  
The worker-wrapper art is
by <a target="_blank" href="https://www.artstation.com/liliaanisimova">Lilia Anisimova</a>.
</p>

<center>
<a target="_blank" href="https://www.yale-nus.edu.sg"><img src="static/yalenus.jpeg" width="300" title="Yale-NUS College" alt="Yale-NUS College" /></a>
&nbsp;&nbsp; &nbsp;&nbsp; &nbsp;&nbsp; &nbsp;&nbsp; &nbsp;&nbsp;
<a target="_blank" href="https://www.comp.nus.edu.sg"><img src="static/nus.png" width="300" title="NUS School of Computing" alt="NUS School of Computing" /></a>  
</center>

  
</div>


        </div>
      </main><footer class="site-footer h-card">
  <data class="u-url" href="/"></data>

  <div class="wrapper">

    <h2 class="footer-heading">ICFP Programming Contest 2019</h2>

    <div class="footer-col-wrapper">
      <div class="footer-col footer-col-1">
        <ul class="contact-list">
          <li class="p-name">ICFP Programming Contest 2019</li><li><a class="u-email" href="mailto:icfpcontest2019@gmail.com">icfpcontest2019@gmail.com</a></li></ul>
      </div>

      <div class="footer-col footer-col-2"><ul class="social-media-list"><li><a href="https://www.twitter.com/icfpcontest2019"><svg class="svg-icon"><use xlink:href="/assets/minima-social-icons.svg#twitter"></use></svg> <span class="username">icfpcontest2019</span></a></li></ul>
</div>

      <div class="footer-col footer-col-3">
        <p></p>
      </div>
    </div>

  </div>

</footer>
</body>

</html>
